This is pdfTeX, Version 3.141592653-2.6-1.40.25 (TeX Live 2023/nixos.org) (preloaded format=pdflatex 1980.1.1)  19 MAR 2025 08:36
entering extended mode
 \write18 enabled.
 %&-line parsing enabled.
**main.tex
(./main.tex
LaTeX2e <2023-11-01> patch level 1
L3 programming layer <2024-02-20>

(/nix/store/mav2vnx8fkza7zqh63iap9i1jqq4r385-texlive-2023-env-texmfdist/tex/lat
ex/base/article.cls
Document Class: article 2023/05/17 v1.4n Standard LaTeX document class

(/nix/store/mav2vnx8fkza7zqh63iap9i1jqq4r385-texlive-2023-env-texmfdist/tex/lat
ex/base/size12.clo
File: size12.clo 2023/05/17 v1.4n Standard LaTeX file (size option)
)
\c@part=\count188
\c@section=\count189
\c@subsection=\count190
\c@subsubsection=\count191
\c@paragraph=\count192
\c@subparagraph=\count193
\c@figure=\count194
\c@table=\count195
\abovecaptionskip=\skip48
\belowcaptionskip=\skip49
\bibindent=\dimen140
) (./src/00-preamble.tex
(/nix/store/mav2vnx8fkza7zqh63iap9i1jqq4r385-texlive-2023-env-texmfdist/tex/lat
ex/float/float.sty
Package: float 2001/11/08 v1.3d Float enhancements (AL)
\c@float@type=\count196
\float@exts=\toks17
\float@box=\box51
\@float@everytoks=\toks18
\@floatcapt=\box52
)
(/nix/store/mav2vnx8fkza7zqh63iap9i1jqq4r385-texlive-2023-env-texmfdist/tex/lat
ex/base/fontenc.sty
Package: fontenc 2021/04/29 v2.0v Standard LaTeX package

(/nix/store/mav2vnx8fkza7zqh63iap9i1jqq4r385-texlive-2023-env-texmfdist/tex/lat
ex/cyrillic/t2aenc.def
File: t2aenc.def 2022/06/11 v1.0j Cyrillic encoding definition file
Now handling font encoding T2A ...
... processing UTF-8 mapping file for font encoding T2A

(/nix/store/mav2vnx8fkza7zqh63iap9i1jqq4r385-texlive-2023-env-texmfdist/tex/lat
ex/base/t2aenc.dfu
File: t2aenc.dfu 2022/06/07 v1.3c UTF-8 support
   defining Unicode char U+00A4 (decimal 164)
   defining Unicode char U+00A7 (decimal 167)
   defining Unicode char U+00AB (decimal 171)
   defining Unicode char U+00BB (decimal 187)
   defining Unicode char U+0131 (decimal 305)
   defining Unicode char U+0237 (decimal 567)
   defining Unicode char U+0400 (decimal 1024)
   defining Unicode char U+0401 (decimal 1025)
   defining Unicode char U+0402 (decimal 1026)
   defining Unicode char U+0403 (decimal 1027)
   defining Unicode char U+0404 (decimal 1028)
   defining Unicode char U+0405 (decimal 1029)
   defining Unicode char U+0406 (decimal 1030)
   defining Unicode char U+0407 (decimal 1031)
   defining Unicode char U+0408 (decimal 1032)
   defining Unicode char U+0409 (decimal 1033)
   defining Unicode char U+040A (decimal 1034)
   defining Unicode char U+040B (decimal 1035)
   defining Unicode char U+040C (decimal 1036)
   defining Unicode char U+040D (decimal 1037)
   defining Unicode char U+040E (decimal 1038)
   defining Unicode char U+040F (decimal 1039)
   defining Unicode char U+0410 (decimal 1040)
   defining Unicode char U+0411 (decimal 1041)
   defining Unicode char U+0412 (decimal 1042)
   defining Unicode char U+0413 (decimal 1043)
   defining Unicode char U+0414 (decimal 1044)
   defining Unicode char U+0415 (decimal 1045)
   defining Unicode char U+0416 (decimal 1046)
   defining Unicode char U+0417 (decimal 1047)
   defining Unicode char U+0418 (decimal 1048)
   defining Unicode char U+0419 (decimal 1049)
   defining Unicode char U+041A (decimal 1050)
   defining Unicode char U+041B (decimal 1051)
   defining Unicode char U+041C (decimal 1052)
   defining Unicode char U+041D (decimal 1053)
   defining Unicode char U+041E (decimal 1054)
   defining Unicode char U+041F (decimal 1055)
   defining Unicode char U+0420 (decimal 1056)
   defining Unicode char U+0421 (decimal 1057)
   defining Unicode char U+0422 (decimal 1058)
   defining Unicode char U+0423 (decimal 1059)
   defining Unicode char U+0424 (decimal 1060)
   defining Unicode char U+0425 (decimal 1061)
   defining Unicode char U+0426 (decimal 1062)
   defining Unicode char U+0427 (decimal 1063)
   defining Unicode char U+0428 (decimal 1064)
   defining Unicode char U+0429 (decimal 1065)
   defining Unicode char U+042A (decimal 1066)
   defining Unicode char U+042B (decimal 1067)
   defining Unicode char U+042C (decimal 1068)
   defining Unicode char U+042D (decimal 1069)
   defining Unicode char U+042E (decimal 1070)
   defining Unicode char U+042F (decimal 1071)
   defining Unicode char U+0430 (decimal 1072)
   defining Unicode char U+0431 (decimal 1073)
   defining Unicode char U+0432 (decimal 1074)
   defining Unicode char U+0433 (decimal 1075)
   defining Unicode char U+0434 (decimal 1076)
   defining Unicode char U+0435 (decimal 1077)
   defining Unicode char U+0436 (decimal 1078)
   defining Unicode char U+0437 (decimal 1079)
   defining Unicode char U+0438 (decimal 1080)
   defining Unicode char U+0439 (decimal 1081)
   defining Unicode char U+043A (decimal 1082)
   defining Unicode char U+043B (decimal 1083)
   defining Unicode char U+043C (decimal 1084)
   defining Unicode char U+043D (decimal 1085)
   defining Unicode char U+043E (decimal 1086)
   defining Unicode char U+043F (decimal 1087)
   defining Unicode char U+0440 (decimal 1088)
   defining Unicode char U+0441 (decimal 1089)
   defining Unicode char U+0442 (decimal 1090)
   defining Unicode char U+0443 (decimal 1091)
   defining Unicode char U+0444 (decimal 1092)
   defining Unicode char U+0445 (decimal 1093)
   defining Unicode char U+0446 (decimal 1094)
   defining Unicode char U+0447 (decimal 1095)
   defining Unicode char U+0448 (decimal 1096)
   defining Unicode char U+0449 (decimal 1097)
   defining Unicode char U+044A (decimal 1098)
   defining Unicode char U+044B (decimal 1099)
   defining Unicode char U+044C (decimal 1100)
   defining Unicode char U+044D (decimal 1101)
   defining Unicode char U+044E (decimal 1102)
   defining Unicode char U+044F (decimal 1103)
   defining Unicode char U+0450 (decimal 1104)
   defining Unicode char U+0451 (decimal 1105)
   defining Unicode char U+0452 (decimal 1106)
   defining Unicode char U+0453 (decimal 1107)
   defining Unicode char U+0454 (decimal 1108)
   defining Unicode char U+0455 (decimal 1109)
   defining Unicode char U+0456 (decimal 1110)
   defining Unicode char U+0457 (decimal 1111)
   defining Unicode char U+0458 (decimal 1112)
   defining Unicode char U+0459 (decimal 1113)
   defining Unicode char U+045A (decimal 1114)
   defining Unicode char U+045B (decimal 1115)
   defining Unicode char U+045C (decimal 1116)
   defining Unicode char U+045D (decimal 1117)
   defining Unicode char U+045E (decimal 1118)
   defining Unicode char U+045F (decimal 1119)
   defining Unicode char U+0490 (decimal 1168)
   defining Unicode char U+0491 (decimal 1169)
   defining Unicode char U+0492 (decimal 1170)
   defining Unicode char U+0493 (decimal 1171)
   defining Unicode char U+0496 (decimal 1174)
   defining Unicode char U+0497 (decimal 1175)
   defining Unicode char U+0498 (decimal 1176)
   defining Unicode char U+0499 (decimal 1177)
   defining Unicode char U+049A (decimal 1178)
   defining Unicode char U+049B (decimal 1179)
   defining Unicode char U+049C (decimal 1180)
   defining Unicode char U+049D (decimal 1181)
   defining Unicode char U+04A0 (decimal 1184)
   defining Unicode char U+04A1 (decimal 1185)
   defining Unicode char U+04A2 (decimal 1186)
   defining Unicode char U+04A3 (decimal 1187)
   defining Unicode char U+04A4 (decimal 1188)
   defining Unicode char U+04A5 (decimal 1189)
   defining Unicode char U+04AA (decimal 1194)
   defining Unicode char U+04AB (decimal 1195)
   defining Unicode char U+04AE (decimal 1198)
   defining Unicode char U+04AF (decimal 1199)
   defining Unicode char U+04B0 (decimal 1200)
   defining Unicode char U+04B1 (decimal 1201)
   defining Unicode char U+04B2 (decimal 1202)
   defining Unicode char U+04B3 (decimal 1203)
   defining Unicode char U+04B6 (decimal 1206)
   defining Unicode char U+04B7 (decimal 1207)
   defining Unicode char U+04B8 (decimal 1208)
   defining Unicode char U+04B9 (decimal 1209)
   defining Unicode char U+04BA (decimal 1210)
   defining Unicode char U+04BB (decimal 1211)
   defining Unicode char U+04C0 (decimal 1216)
   defining Unicode char U+04C1 (decimal 1217)
   defining Unicode char U+04C2 (decimal 1218)
   defining Unicode char U+04D0 (decimal 1232)
   defining Unicode char U+04D1 (decimal 1233)
   defining Unicode char U+04D2 (decimal 1234)
   defining Unicode char U+04D3 (decimal 1235)
   defining Unicode char U+04D4 (decimal 1236)
   defining Unicode char U+04D5 (decimal 1237)
   defining Unicode char U+04D6 (decimal 1238)
   defining Unicode char U+04D7 (decimal 1239)
   defining Unicode char U+04D8 (decimal 1240)
   defining Unicode char U+04D9 (decimal 1241)
   defining Unicode char U+04DA (decimal 1242)
   defining Unicode char U+04DB (decimal 1243)
   defining Unicode char U+04DC (decimal 1244)
   defining Unicode char U+04DD (decimal 1245)
   defining Unicode char U+04DE (decimal 1246)
   defining Unicode char U+04DF (decimal 1247)
   defining Unicode char U+04E2 (decimal 1250)
   defining Unicode char U+04E3 (decimal 1251)
   defining Unicode char U+04E4 (decimal 1252)
   defining Unicode char U+04E5 (decimal 1253)
   defining Unicode char U+04E6 (decimal 1254)
   defining Unicode char U+04E7 (decimal 1255)
   defining Unicode char U+04E8 (decimal 1256)
   defining Unicode char U+04E9 (decimal 1257)
   defining Unicode char U+04EC (decimal 1260)
   defining Unicode char U+04ED (decimal 1261)
   defining Unicode char U+04EE (decimal 1262)
   defining Unicode char U+04EF (decimal 1263)
   defining Unicode char U+04F0 (decimal 1264)
   defining Unicode char U+04F1 (decimal 1265)
   defining Unicode char U+04F2 (decimal 1266)
   defining Unicode char U+04F3 (decimal 1267)
   defining Unicode char U+04F4 (decimal 1268)
   defining Unicode char U+04F5 (decimal 1269)
   defining Unicode char U+04F8 (decimal 1272)
   defining Unicode char U+04F9 (decimal 1273)
   defining Unicode char U+200C (decimal 8204)
   defining Unicode char U+2013 (decimal 8211)
   defining Unicode char U+2014 (decimal 8212)
   defining Unicode char U+2018 (decimal 8216)
   defining Unicode char U+2019 (decimal 8217)
   defining Unicode char U+201C (decimal 8220)
   defining Unicode char U+201D (decimal 8221)
   defining Unicode char U+201E (decimal 8222)
   defining Unicode char U+2030 (decimal 8240)
   defining Unicode char U+2031 (decimal 8241)
   defining Unicode char U+2116 (decimal 8470)
   defining Unicode char U+2329 (decimal 9001)
   defining Unicode char U+3008 (decimal 12296)
   defining Unicode char U+232A (decimal 9002)
   defining Unicode char U+3009 (decimal 12297)
   defining Unicode char U+2423 (decimal 9251)
   defining Unicode char U+27E8 (decimal 10216)
   defining Unicode char U+27E9 (decimal 10217)
   defining Unicode char U+FB00 (decimal 64256)
   defining Unicode char U+FB01 (decimal 64257)
   defining Unicode char U+FB02 (decimal 64258)
   defining Unicode char U+FB03 (decimal 64259)
   defining Unicode char U+FB04 (decimal 64260)
   defining Unicode char U+FB05 (decimal 64261)
   defining Unicode char U+FB06 (decimal 64262)
))
LaTeX Font Info:    Trying to load font information for T2A+cmr on input line 1
12.

(/nix/store/mav2vnx8fkza7zqh63iap9i1jqq4r385-texlive-2023-env-texmfdist/tex/lat
ex/cyrillic/t2acmr.fd
File: t2acmr.fd 2001/08/11 v1.0a Computer Modern Cyrillic font definitions
))
(/nix/store/mav2vnx8fkza7zqh63iap9i1jqq4r385-texlive-2023-env-texmfdist/tex/lat
ex/base/inputenc.sty
Package: inputenc 2021/02/14 v1.3d Input encoding file
\inpenc@prehook=\toks19
\inpenc@posthook=\toks20
)
(/nix/store/mav2vnx8fkza7zqh63iap9i1jqq4r385-texlive-2023-env-texmfdist/tex/lat
ex/hyperref/hyperref.sty
Package: hyperref 2024-01-20 v7.01h Hypertext links for LaTeX

(/nix/store/mav2vnx8fkza7zqh63iap9i1jqq4r385-texlive-2023-env-texmfdist/tex/gen
eric/iftex/iftex.sty
Package: iftex 2022/02/03 v1.0f TeX engine tests
)
(/nix/store/mav2vnx8fkza7zqh63iap9i1jqq4r385-texlive-2023-env-texmfdist/tex/lat
ex/graphics/keyval.sty
Package: keyval 2022/05/29 v1.15 key=value parser (DPC)
\KV@toks@=\toks21
)
(/nix/store/mav2vnx8fkza7zqh63iap9i1jqq4r385-texlive-2023-env-texmfdist/tex/lat
ex/kvsetkeys/kvsetkeys.sty
Package: kvsetkeys 2022-10-05 v1.19 Key value parser (HO)
)
(/nix/store/mav2vnx8fkza7zqh63iap9i1jqq4r385-texlive-2023-env-texmfdist/tex/gen
eric/kvdefinekeys/kvdefinekeys.sty
Package: kvdefinekeys 2019-12-19 v1.6 Define keys (HO)
)
(/nix/store/mav2vnx8fkza7zqh63iap9i1jqq4r385-texlive-2023-env-texmfdist/tex/gen
eric/pdfescape/pdfescape.sty
Package: pdfescape 2019/12/09 v1.15 Implements pdfTeX's escape features (HO)

(/nix/store/mav2vnx8fkza7zqh63iap9i1jqq4r385-texlive-2023-env-texmfdist/tex/gen
eric/ltxcmds/ltxcmds.sty
Package: ltxcmds 2023-12-04 v1.26 LaTeX kernel commands for general use (HO)
)
(/nix/store/mav2vnx8fkza7zqh63iap9i1jqq4r385-texlive-2023-env-texmfdist/tex/gen
eric/pdftexcmds/pdftexcmds.sty
Package: pdftexcmds 2020-06-27 v0.33 Utility functions of pdfTeX for LuaTeX (HO
)

(/nix/store/mav2vnx8fkza7zqh63iap9i1jqq4r385-texlive-2023-env-texmfdist/tex/gen
eric/infwarerr/infwarerr.sty
Package: infwarerr 2019/12/03 v1.5 Providing info/warning/error messages (HO)
)
Package pdftexcmds Info: \pdf@primitive is available.
Package pdftexcmds Info: \pdf@ifprimitive is available.
Package pdftexcmds Info: \pdfdraftmode found.
))
(/nix/store/mav2vnx8fkza7zqh63iap9i1jqq4r385-texlive-2023-env-texmfdist/tex/lat
ex/hycolor/hycolor.sty
Package: hycolor 2020-01-27 v1.10 Color options for hyperref/bookmark (HO)
)
(/nix/store/mav2vnx8fkza7zqh63iap9i1jqq4r385-texlive-2023-env-texmfdist/tex/lat
ex/auxhook/auxhook.sty
Package: auxhook 2019-12-17 v1.6 Hooks for auxiliary files (HO)
)
(/nix/store/mav2vnx8fkza7zqh63iap9i1jqq4r385-texlive-2023-env-texmfdist/tex/lat
ex/hyperref/nameref.sty
Package: nameref 2023-11-26 v2.56 Cross-referencing by name of section

(/nix/store/mav2vnx8fkza7zqh63iap9i1jqq4r385-texlive-2023-env-texmfdist/tex/lat
ex/refcount/refcount.sty
Package: refcount 2019/12/15 v3.6 Data extraction from label references (HO)
)
(/nix/store/mav2vnx8fkza7zqh63iap9i1jqq4r385-texlive-2023-env-texmfdist/tex/gen
eric/gettitlestring/gettitlestring.sty
Package: gettitlestring 2019/12/15 v1.6 Cleanup title references (HO)

(/nix/store/mav2vnx8fkza7zqh63iap9i1jqq4r385-texlive-2023-env-texmfdist/tex/lat
ex/kvoptions/kvoptions.sty
Package: kvoptions 2022-06-15 v3.15 Key value format for package options (HO)
))
\c@section@level=\count197
)
(/nix/store/mav2vnx8fkza7zqh63iap9i1jqq4r385-texlive-2023-env-texmfdist/tex/lat
ex/etoolbox/etoolbox.sty
Package: etoolbox 2020/10/05 v2.5k e-TeX tools for LaTeX (JAW)
\etb@tempcnta=\count198
)
\@linkdim=\dimen141
\Hy@linkcounter=\count199
\Hy@pagecounter=\count266

(/nix/store/mav2vnx8fkza7zqh63iap9i1jqq4r385-texlive-2023-env-texmfdist/tex/lat
ex/hyperref/pd1enc.def
File: pd1enc.def 2024-01-20 v7.01h Hyperref: PDFDocEncoding definition (HO)
Now handling font encoding PD1 ...
... no UTF-8 mapping file for font encoding PD1
)
(/nix/store/mav2vnx8fkza7zqh63iap9i1jqq4r385-texlive-2023-env-texmfdist/tex/gen
eric/intcalc/intcalc.sty
Package: intcalc 2019/12/15 v1.3 Expandable calculations with integers (HO)
)
\Hy@SavedSpaceFactor=\count267

(/nix/store/mav2vnx8fkza7zqh63iap9i1jqq4r385-texlive-2023-env-texmfdist/tex/lat
ex/hyperref/puenc.def
File: puenc.def 2024-01-20 v7.01h Hyperref: PDF Unicode definition (HO)
Now handling font encoding PU ...
... no UTF-8 mapping file for font encoding PU
)
Package hyperref Info: Hyper figures OFF on input line 4179.
Package hyperref Info: Link nesting OFF on input line 4184.
Package hyperref Info: Hyper index ON on input line 4187.
Package hyperref Info: Plain pages OFF on input line 4194.
Package hyperref Info: Backreferencing OFF on input line 4199.
Package hyperref Info: Implicit mode ON; LaTeX internals redefined.
Package hyperref Info: Bookmarks ON on input line 4446.
\c@Hy@tempcnt=\count268

(/nix/store/mav2vnx8fkza7zqh63iap9i1jqq4r385-texlive-2023-env-texmfdist/tex/lat
ex/url/url.sty
\Urlmuskip=\muskip16
Package: url 2013/09/16  ver 3.4  Verb mode for urls, etc.
)
LaTeX Info: Redefining \url on input line 4784.
\XeTeXLinkMargin=\dimen142

(/nix/store/mav2vnx8fkza7zqh63iap9i1jqq4r385-texlive-2023-env-texmfdist/tex/gen
eric/bitset/bitset.sty
Package: bitset 2019/12/09 v1.3 Handle bit-vector datatype (HO)

(/nix/store/mav2vnx8fkza7zqh63iap9i1jqq4r385-texlive-2023-env-texmfdist/tex/gen
eric/bigintcalc/bigintcalc.sty
Package: bigintcalc 2019/12/15 v1.5 Expandable calculations on big integers (HO
)
))
\Fld@menulength=\count269
\Field@Width=\dimen143
\Fld@charsize=\dimen144
Package hyperref Info: Hyper figures OFF on input line 6063.
Package hyperref Info: Link nesting OFF on input line 6068.
Package hyperref Info: Hyper index ON on input line 6071.
Package hyperref Info: backreferencing OFF on input line 6078.
Package hyperref Info: Link coloring OFF on input line 6083.
Package hyperref Info: Link coloring with OCG OFF on input line 6088.
Package hyperref Info: PDF/A mode OFF on input line 6093.

(/nix/store/mav2vnx8fkza7zqh63iap9i1jqq4r385-texlive-2023-env-texmfdist/tex/lat
ex/base/atbegshi-ltx.sty
Package: atbegshi-ltx 2021/01/10 v1.0c Emulation of the original atbegshi
package with kernel methods
)
\Hy@abspage=\count270
\c@Item=\count271
\c@Hfootnote=\count272
)
Package hyperref Info: Driver (autodetected): hpdftex.

(/nix/store/mav2vnx8fkza7zqh63iap9i1jqq4r385-texlive-2023-env-texmfdist/tex/lat
ex/hyperref/hpdftex.def
File: hpdftex.def 2024-01-20 v7.01h Hyperref driver for pdfTeX

(/nix/store/mav2vnx8fkza7zqh63iap9i1jqq4r385-texlive-2023-env-texmfdist/tex/lat
ex/base/atveryend-ltx.sty
Package: atveryend-ltx 2020/08/19 v1.0a Emulation of the original atveryend pac
kage
with kernel methods
)
\Fld@listcount=\count273
\c@bookmark@seq@number=\count274

(/nix/store/mav2vnx8fkza7zqh63iap9i1jqq4r385-texlive-2023-env-texmfdist/tex/lat
ex/rerunfilecheck/rerunfilecheck.sty
Package: rerunfilecheck 2022-07-10 v1.10 Rerun checks for auxiliary files (HO)

(/nix/store/mav2vnx8fkza7zqh63iap9i1jqq4r385-texlive-2023-env-texmfdist/tex/gen
eric/uniquecounter/uniquecounter.sty
Package: uniquecounter 2019/12/15 v1.4 Provide unlimited unique counter (HO)
)
Package uniquecounter Info: New unique counter `rerunfilecheck' on input line 2
85.
)
\Hy@SectionHShift=\skip50
)
(/nix/store/mav2vnx8fkza7zqh63iap9i1jqq4r385-texlive-2023-env-texmfdist/tex/gen
eric/babel/babel.sty
Package: babel 2024/02/07 v24.2 The Babel package
\babel@savecnt=\count275
\U@D=\dimen145
\l@unhyphenated=\language89

(/nix/store/mav2vnx8fkza7zqh63iap9i1jqq4r385-texlive-2023-env-texmfdist/tex/gen
eric/babel/txtbabel.def)
\bbl@readstream=\read2
\bbl@dirlevel=\count276

(/nix/store/mav2vnx8fkza7zqh63iap9i1jqq4r385-texlive-2023-env-texmfdist/tex/gen
eric/babel-english/english.ldf
Language: english 2017/06/06 v3.3r English support from the babel system
Package babel Info: Hyphen rules for 'canadian' set to \l@english
(babel)             (\language0). Reported on input line 102.
Package babel Info: Hyphen rules for 'australian' set to \l@ukenglish
(babel)             (\language23). Reported on input line 105.
Package babel Info: Hyphen rules for 'newzealand' set to \l@ukenglish
(babel)             (\language23). Reported on input line 108.
)
(/nix/store/mav2vnx8fkza7zqh63iap9i1jqq4r385-texlive-2023-env-texmfdist/tex/gen
eric/babel-russian/russianb.ldf
File: russianb.ldf 2021/01/10 1.3m Russian support for the Babel system
Language: russian 2020/09/09 1.3k Russian support for the Babel system
Package babel Info: Making " an active character on input line 124.
Package babel Info: Default for \cyrdash is provided on input line 163.
))
(/nix/store/mav2vnx8fkza7zqh63iap9i1jqq4r385-texlive-2023-env-texmfdist/tex/gen
eric/babel/locale/ru/babel-russian.tex
Package babel Info: Importing font and identification data for russian
(babel)             from babel-ru.ini. Reported on input line 11.
)
(/nix/store/mav2vnx8fkza7zqh63iap9i1jqq4r385-texlive-2023-env-texmfdist/tex/gen
eric/babel/locale/en/babel-english.tex
Package babel Info: Importing font and identification data for english
(babel)             from babel-en.ini. Reported on input line 11.
)
(/nix/store/mav2vnx8fkza7zqh63iap9i1jqq4r385-texlive-2023-env-texmfdist/tex/lat
ex/graphics/color.sty
Package: color 2022/01/06 v1.3d Standard LaTeX Color (DPC)

(/nix/store/mav2vnx8fkza7zqh63iap9i1jqq4r385-texlive-2023-env-texmfdist/tex/lat
ex/graphics-cfg/color.cfg
File: color.cfg 2016/01/02 v1.6 sample color configuration
)
Package color Info: Driver file: pdftex.def on input line 149.

(/nix/store/mav2vnx8fkza7zqh63iap9i1jqq4r385-texlive-2023-env-texmfdist/tex/lat
ex/graphics-def/pdftex.def
File: pdftex.def 2022/09/22 v1.2b Graphics/color driver for pdftex
)
(/nix/store/mav2vnx8fkza7zqh63iap9i1jqq4r385-texlive-2023-env-texmfdist/tex/lat
ex/graphics/mathcolor.ltx))
(/nix/store/mav2vnx8fkza7zqh63iap9i1jqq4r385-texlive-2023-env-texmfdist/tex/lat
ex/graphics/graphicx.sty
Package: graphicx 2021/09/16 v1.2d Enhanced LaTeX Graphics (DPC,SPQR)

(/nix/store/mav2vnx8fkza7zqh63iap9i1jqq4r385-texlive-2023-env-texmfdist/tex/lat
ex/graphics/graphics.sty
Package: graphics 2022/03/10 v1.4e Standard LaTeX Graphics (DPC,SPQR)

(/nix/store/mav2vnx8fkza7zqh63iap9i1jqq4r385-texlive-2023-env-texmfdist/tex/lat
ex/graphics/trig.sty
Package: trig 2021/08/11 v1.11 sin cos tan (DPC)
)
(/nix/store/mav2vnx8fkza7zqh63iap9i1jqq4r385-texlive-2023-env-texmfdist/tex/lat
ex/graphics-cfg/graphics.cfg
File: graphics.cfg 2016/06/04 v1.11 sample graphics configuration
)
Package graphics Info: Driver file: pdftex.def on input line 107.
)
\Gin@req@height=\dimen146
\Gin@req@width=\dimen147
)
(/nix/store/mav2vnx8fkza7zqh63iap9i1jqq4r385-texlive-2023-env-texmfdist/tex/lat
ex/svg/svg.sty
Package: svg 2020/11/26 v2.02k (include SVG pictures)

(/nix/store/mav2vnx8fkza7zqh63iap9i1jqq4r385-texlive-2023-env-texmfdist/tex/lat
ex/koma-script/scrbase.sty
Package: scrbase 2023/07/07 v3.41 KOMA-Script package (KOMA-Script-independent 
basics and keyval usage)

(/nix/store/mav2vnx8fkza7zqh63iap9i1jqq4r385-texlive-2023-env-texmfdist/tex/lat
ex/koma-script/scrlfile.sty
Package: scrlfile 2023/07/07 v3.41 KOMA-Script package (file load hooks)

(/nix/store/mav2vnx8fkza7zqh63iap9i1jqq4r385-texlive-2023-env-texmfdist/tex/lat
ex/koma-script/scrlfile-hook.sty
Package: scrlfile-hook 2023/07/07 v3.41 KOMA-Script package (using LaTeX hooks)


(/nix/store/mav2vnx8fkza7zqh63iap9i1jqq4r385-texlive-2023-env-texmfdist/tex/lat
ex/koma-script/scrlogo.sty
Package: scrlogo 2023/07/07 v3.41 KOMA-Script package (logo)
)))
Applying: [2021/05/01] Usage of raw or classic option list on input line 252.
Already applied: [0000/00/00] Usage of raw or classic option list on input line
 368.
)
(/nix/store/mav2vnx8fkza7zqh63iap9i1jqq4r385-texlive-2023-env-texmfdist/tex/lat
ex/trimspaces/trimspaces.sty
Package: trimspaces 2009/09/17 v1.1 Trim spaces around a token list
)
(/nix/store/mav2vnx8fkza7zqh63iap9i1jqq4r385-texlive-2023-env-texmfdist/tex/lat
ex/tools/shellesc.sty
Package: shellesc 2023/07/08 v1.0d unified shell escape interface for LaTeX
Package shellesc Info: Unrestricted shell escape enabled on input line 75.
)
(/nix/store/mav2vnx8fkza7zqh63iap9i1jqq4r385-texlive-2023-env-texmfdist/tex/lat
ex/ifplatform/ifplatform.sty
Package: ifplatform 2017/10/13 v0.4a Testing for the operating system

(/nix/store/mav2vnx8fkza7zqh63iap9i1jqq4r385-texlive-2023-env-texmfdist/tex/gen
eric/catchfile/catchfile.sty
Package: catchfile 2019/12/09 v1.8 Catch the contents of a file (HO)

(/nix/store/mav2vnx8fkza7zqh63iap9i1jqq4r385-texlive-2023-env-texmfdist/tex/gen
eric/etexcmds/etexcmds.sty
Package: etexcmds 2019/12/15 v1.7 Avoid name clashes with e-TeX commands (HO)
))
(/nix/store/mav2vnx8fkza7zqh63iap9i1jqq4r385-texlive-2023-env-texmfdist/tex/gen
eric/iftex/ifluatex.sty
Package: ifluatex 2019/10/25 v1.5 ifluatex legacy package. Use iftex instead.
)
runsystem(uname -s > "main.w18")...executed.

 (./main.w18)
runsystem(rm -- "main.w18")...executed.

)
\c@svg@param@lastpage=\count277
\svg@box=\box53
\c@svg@param@currpage=\count278
)
(/nix/store/mav2vnx8fkza7zqh63iap9i1jqq4r385-texlive-2023-env-texmfdist/tex/lat
ex/xcolor/xcolor.sty
Package: xcolor 2023/11/15 v3.01 LaTeX color extensions (UK)

(/nix/store/mav2vnx8fkza7zqh63iap9i1jqq4r385-texlive-2023-env-texmfdist/tex/lat
ex/graphics-cfg/color.cfg
File: color.cfg 2016/01/02 v1.6 sample color configuration
)
Package xcolor Info: Driver file: pdftex.def on input line 274.
LaTeX Info: Redefining \color on input line 758.

(/nix/store/mav2vnx8fkza7zqh63iap9i1jqq4r385-texlive-2023-env-texmfdist/tex/lat
ex/graphics/mathcolor.ltx)
Package xcolor Info: Model `cmy' substituted by `cmy0' on input line 1350.
Package xcolor Info: Model `hsb' substituted by `rgb' on input line 1354.
Package xcolor Info: Model `RGB' extended on input line 1366.
Package xcolor Info: Model `HTML' substituted by `rgb' on input line 1368.
Package xcolor Info: Model `Hsb' substituted by `hsb' on input line 1369.
Package xcolor Info: Model `tHsb' substituted by `hsb' on input line 1370.
Package xcolor Info: Model `HSB' substituted by `hsb' on input line 1371.
Package xcolor Info: Model `Gray' substituted by `gray' on input line 1372.
Package xcolor Info: Model `wave' substituted by `hsb' on input line 1373.
)
(/nix/store/mav2vnx8fkza7zqh63iap9i1jqq4r385-texlive-2023-env-texmfdist/tex/lat
ex/transparent/transparent.sty
Package: transparent 2022-10-27 v1.5 Transparency with color stacks

(/nix/store/mav2vnx8fkza7zqh63iap9i1jqq4r385-texlive-2023-env-texmfdist/tex/lat
ex/transparent/transparent-nometadata.sty
Package: transparent-nometadata 2022-10-27 v1.5 Transparency via pdfTeX's color
 stack (HO)
))
(/nix/store/mav2vnx8fkza7zqh63iap9i1jqq4r385-texlive-2023-env-texmfdist/tex/lat
ex/pgf/systemlayer/pgfsys.sty
(/nix/store/mav2vnx8fkza7zqh63iap9i1jqq4r385-texlive-2023-env-texmfdist/tex/lat
ex/pgf/utilities/pgfrcs.sty
(/nix/store/mav2vnx8fkza7zqh63iap9i1jqq4r385-texlive-2023-env-texmfdist/tex/gen
eric/pgf/utilities/pgfutil-common.tex
\pgfutil@everybye=\toks22
\pgfutil@tempdima=\dimen148
\pgfutil@tempdimb=\dimen149
)
(/nix/store/mav2vnx8fkza7zqh63iap9i1jqq4r385-texlive-2023-env-texmfdist/tex/gen
eric/pgf/utilities/pgfutil-latex.def
\pgfutil@abb=\box54
)
(/nix/store/mav2vnx8fkza7zqh63iap9i1jqq4r385-texlive-2023-env-texmfdist/tex/gen
eric/pgf/utilities/pgfrcs.code.tex
(/nix/store/mav2vnx8fkza7zqh63iap9i1jqq4r385-texlive-2023-env-texmfdist/tex/gen
eric/pgf/pgf.revision.tex)
Package: pgfrcs 2023-01-15 v3.1.10 (3.1.10)
))
(/nix/store/mav2vnx8fkza7zqh63iap9i1jqq4r385-texlive-2023-env-texmfdist/tex/gen
eric/pgf/systemlayer/pgfsys.code.tex
Package: pgfsys 2023-01-15 v3.1.10 (3.1.10)

(/nix/store/mav2vnx8fkza7zqh63iap9i1jqq4r385-texlive-2023-env-texmfdist/tex/gen
eric/pgf/utilities/pgfkeys.code.tex
\pgfkeys@pathtoks=\toks23
\pgfkeys@temptoks=\toks24

(/nix/store/mav2vnx8fkza7zqh63iap9i1jqq4r385-texlive-2023-env-texmfdist/tex/gen
eric/pgf/utilities/pgfkeyslibraryfiltered.code.tex
\pgfkeys@tmptoks=\toks25
))
\pgf@x=\dimen150
\pgf@y=\dimen151
\pgf@xa=\dimen152
\pgf@ya=\dimen153
\pgf@xb=\dimen154
\pgf@yb=\dimen155
\pgf@xc=\dimen156
\pgf@yc=\dimen157
\pgf@xd=\dimen158
\pgf@yd=\dimen159
\w@pgf@writea=\write3
\r@pgf@reada=\read3
\c@pgf@counta=\count279
\c@pgf@countb=\count280
\c@pgf@countc=\count281
\c@pgf@countd=\count282
\t@pgf@toka=\toks26
\t@pgf@tokb=\toks27
\t@pgf@tokc=\toks28
\pgf@sys@id@count=\count283

(/nix/store/mav2vnx8fkza7zqh63iap9i1jqq4r385-texlive-2023-env-texmfdist/tex/gen
eric/pgf/systemlayer/pgf.cfg
File: pgf.cfg 2023-01-15 v3.1.10 (3.1.10)
)
Driver file for pgf: pgfsys-pdftex.def

(/nix/store/mav2vnx8fkza7zqh63iap9i1jqq4r385-texlive-2023-env-texmfdist/tex/gen
eric/pgf/systemlayer/pgfsys-pdftex.def
File: pgfsys-pdftex.def 2023-01-15 v3.1.10 (3.1.10)

(/nix/store/mav2vnx8fkza7zqh63iap9i1jqq4r385-texlive-2023-env-texmfdist/tex/gen
eric/pgf/systemlayer/pgfsys-common-pdf.def
File: pgfsys-common-pdf.def 2023-01-15 v3.1.10 (3.1.10)
)))
(/nix/store/mav2vnx8fkza7zqh63iap9i1jqq4r385-texlive-2023-env-texmfdist/tex/gen
eric/pgf/systemlayer/pgfsyssoftpath.code.tex
File: pgfsyssoftpath.code.tex 2023-01-15 v3.1.10 (3.1.10)
\pgfsyssoftpath@smallbuffer@items=\count284
\pgfsyssoftpath@bigbuffer@items=\count285
)
(/nix/store/mav2vnx8fkza7zqh63iap9i1jqq4r385-texlive-2023-env-texmfdist/tex/gen
eric/pgf/systemlayer/pgfsysprotocol.code.tex
File: pgfsysprotocol.code.tex 2023-01-15 v3.1.10 (3.1.10)
))
(/nix/store/mav2vnx8fkza7zqh63iap9i1jqq4r385-texlive-2023-env-texmfdist/tex/lat
ex/pdfpages/pdfpages.sty
Package: pdfpages 2024/01/21 v0.5y Insert pages of external PDF documents (AM)

(/nix/store/mav2vnx8fkza7zqh63iap9i1jqq4r385-texlive-2023-env-texmfdist/tex/lat
ex/base/ifthen.sty
Package: ifthen 2022/04/13 v1.1d Standard LaTeX ifthen package (DPC)
)
(/nix/store/mav2vnx8fkza7zqh63iap9i1jqq4r385-texlive-2023-env-texmfdist/tex/lat
ex/tools/calc.sty
Package: calc 2023/07/08 v4.3 Infix arithmetic (KKT,FJ)
\calc@Acount=\count286
\calc@Bcount=\count287
\calc@Adimen=\dimen160
\calc@Bdimen=\dimen161
\calc@Askip=\skip51
\calc@Bskip=\skip52
LaTeX Info: Redefining \setlength on input line 80.
LaTeX Info: Redefining \addtolength on input line 81.
\calc@Ccount=\count288
\calc@Cskip=\skip53
)
(/nix/store/mav2vnx8fkza7zqh63iap9i1jqq4r385-texlive-2023-env-texmfdist/tex/lat
ex/eso-pic/eso-pic.sty
Package: eso-pic 2023/05/03 v3.0c eso-pic (RN)
\ESO@tempdima=\dimen162
\ESO@tempdimb=\dimen163
)
\AM@pagewidth=\dimen164
\AM@pageheight=\dimen165
\AM@fboxrule=\dimen166

(/nix/store/mav2vnx8fkza7zqh63iap9i1jqq4r385-texlive-2023-env-texmfdist/tex/lat
ex/pdfpages/pppdftex.def
File: pppdftex.def 2024/01/21 v0.5y Pdfpages driver for pdfTeX (AM)
)
\pdfpages@includegraphics@status=\count289
\AM@pagebox=\box55
\AM@global@opts=\toks29
\AM@pagecnt=\count290
\AM@toc@title=\toks30
\AM@lof@heading=\toks31
\c@AM@survey=\count291
\AM@templatesizebox=\box56
)
(/nix/store/mav2vnx8fkza7zqh63iap9i1jqq4r385-texlive-2023-env-texmfdist/tex/lat
ex/amsmath/amsmath.sty
Package: amsmath 2023/05/13 v2.17o AMS math features
\@mathmargin=\skip54

For additional information on amsmath, use the `?' option.

(/nix/store/mav2vnx8fkza7zqh63iap9i1jqq4r385-texlive-2023-env-texmfdist/tex/lat
ex/amsmath/amstext.sty
Package: amstext 2021/08/26 v2.01 AMS text

(/nix/store/mav2vnx8fkza7zqh63iap9i1jqq4r385-texlive-2023-env-texmfdist/tex/lat
ex/amsmath/amsgen.sty
File: amsgen.sty 1999/11/30 v2.0 generic functions
\@emptytoks=\toks32
\ex@=\dimen167
))
(/nix/store/mav2vnx8fkza7zqh63iap9i1jqq4r385-texlive-2023-env-texmfdist/tex/lat
ex/amsmath/amsbsy.sty
Package: amsbsy 1999/11/29 v1.2d Bold Symbols
\pmbraise@=\dimen168
)
(/nix/store/mav2vnx8fkza7zqh63iap9i1jqq4r385-texlive-2023-env-texmfdist/tex/lat
ex/amsmath/amsopn.sty
Package: amsopn 2022/04/08 v2.04 operator names
)
\inf@bad=\count292
LaTeX Info: Redefining \frac on input line 234.
\uproot@=\count293
\leftroot@=\count294
LaTeX Info: Redefining \overline on input line 399.
LaTeX Info: Redefining \colon on input line 410.
\classnum@=\count295
\DOTSCASE@=\count296
LaTeX Info: Redefining \ldots on input line 496.
LaTeX Info: Redefining \dots on input line 499.
LaTeX Info: Redefining \cdots on input line 620.
\Mathstrutbox@=\box57
\strutbox@=\box58
LaTeX Info: Redefining \big on input line 722.
LaTeX Info: Redefining \Big on input line 723.
LaTeX Info: Redefining \bigg on input line 724.
LaTeX Info: Redefining \Bigg on input line 725.
\big@size=\dimen169
LaTeX Font Info:    Redeclaring font encoding OML on input line 743.
LaTeX Font Info:    Redeclaring font encoding OMS on input line 744.
\macc@depth=\count297
LaTeX Info: Redefining \bmod on input line 905.
LaTeX Info: Redefining \pmod on input line 910.
LaTeX Info: Redefining \smash on input line 940.
LaTeX Info: Redefining \relbar on input line 970.
LaTeX Info: Redefining \Relbar on input line 971.
\c@MaxMatrixCols=\count298
\dotsspace@=\muskip17
\c@parentequation=\count299
\dspbrk@lvl=\count300
\tag@help=\toks33
\row@=\count301
\column@=\count302
\maxfields@=\count303
\andhelp@=\toks34
\eqnshift@=\dimen170
\alignsep@=\dimen171
\tagshift@=\dimen172
\tagwidth@=\dimen173
\totwidth@=\dimen174
\lineht@=\dimen175
\@envbody=\toks35
\multlinegap=\skip55
\multlinetaggap=\skip56
\mathdisplay@stack=\toks36
LaTeX Info: Redefining \[ on input line 2953.
LaTeX Info: Redefining \] on input line 2954.
)
(/nix/store/mav2vnx8fkza7zqh63iap9i1jqq4r385-texlive-2023-env-texmfdist/tex/lat
ex/geometry/geometry.sty
Package: geometry 2020/01/02 v5.9 Page Geometry

(/nix/store/mav2vnx8fkza7zqh63iap9i1jqq4r385-texlive-2023-env-texmfdist/tex/gen
eric/iftex/ifvtex.sty
Package: ifvtex 2019/10/25 v1.7 ifvtex legacy package. Use iftex instead.
)
\Gm@cnth=\count304
\Gm@cntv=\count305
\c@Gm@tempcnt=\count306
\Gm@bindingoffset=\dimen176
\Gm@wd@mp=\dimen177
\Gm@odd@mp=\dimen178
\Gm@even@mp=\dimen179
\Gm@layoutwidth=\dimen180
\Gm@layoutheight=\dimen181
\Gm@layouthoffset=\dimen182
\Gm@layoutvoffset=\dimen183
\Gm@dimlist=\toks37
)
(/nix/store/mav2vnx8fkza7zqh63iap9i1jqq4r385-texlive-2023-env-texmfdist/tex/lat
ex/fancyhdr/fancyhdr.sty
Package: fancyhdr 2022/11/09 v4.1 Extensive control of page headers and footers

\f@nch@headwidth=\skip57
\f@nch@O@elh=\skip58
\f@nch@O@erh=\skip59
\f@nch@O@olh=\skip60
\f@nch@O@orh=\skip61
\f@nch@O@elf=\skip62
\f@nch@O@erf=\skip63
\f@nch@O@olf=\skip64
\f@nch@O@orf=\skip65
)
(/nix/store/mav2vnx8fkza7zqh63iap9i1jqq4r385-texlive-2023-env-texmfdist/tex/lat
ex/tools/tabularx.sty
Package: tabularx 2023/07/08 v2.11c `tabularx' package (DPC)

(/nix/store/mav2vnx8fkza7zqh63iap9i1jqq4r385-texlive-2023-env-texmfdist/tex/lat
ex/tools/array.sty
Package: array 2023/10/16 v2.5g Tabular extension package (FMi)
\col@sep=\dimen184
\ar@mcellbox=\box59
\extrarowheight=\dimen185
\NC@list=\toks38
\extratabsurround=\skip66
\backup@length=\skip67
\ar@cellbox=\box60
)
\TX@col@width=\dimen186
\TX@old@table=\dimen187
\TX@old@col=\dimen188
\TX@target=\dimen189
\TX@delta=\dimen190
\TX@cols=\count307
\TX@ftn=\toks39
)
(/nix/store/mav2vnx8fkza7zqh63iap9i1jqq4r385-texlive-2023-env-texmfdist/tex/lat
ex/tools/longtable.sty
Package: longtable 2023-11-01 v4.19 Multi-page Table package (DPC)
\LTleft=\skip68
\LTright=\skip69
\LTpre=\skip70
\LTpost=\skip71
\LTchunksize=\count308
\LTcapwidth=\dimen191
\LT@head=\box61
\LT@firsthead=\box62
\LT@foot=\box63
\LT@lastfoot=\box64
\LT@gbox=\box65
\LT@cols=\count309
\LT@rows=\count310
\c@LT@tables=\count311
\c@LT@chunks=\count312
\LT@p@ftn=\toks40
)
(/nix/store/mav2vnx8fkza7zqh63iap9i1jqq4r385-texlive-2023-env-texmfdist/tex/lat
ex/tabularray/tabularray.sty
(/nix/store/mav2vnx8fkza7zqh63iap9i1jqq4r385-texlive-2023-env-texmfdist/tex/lat
ex/l3kernel/expl3.sty
Package: expl3 2024-02-20 L3 programming layer (loader) 

(/nix/store/mav2vnx8fkza7zqh63iap9i1jqq4r385-texlive-2023-env-texmfdist/tex/lat
ex/l3backend/l3backend-pdftex.def
File: l3backend-pdftex.def 2024-02-20 L3 backend support: PDF output (pdfTeX)
\l__color_backend_stack_int=\count313
\l__pdf_internal_box=\box66
))
Package: tabularray 2024-02-16 v2024A Typeset tabulars and arrays with LaTeX3
\l__tblr_a_int=\count314
\l__tblr_c_int=\count315
\l__tblr_r_int=\count316
\l__tblr_d_dim=\dimen192
\l__tblr_h_dim=\dimen193
\l__tblr_o_dim=\dimen194
\l__tblr_p_dim=\dimen195
\l__tblr_q_dim=\dimen196
\l__tblr_r_dim=\dimen197
\l__tblr_s_dim=\dimen198
\l__tblr_t_dim=\dimen199
\l__tblr_v_dim=\dimen256
\l__tblr_w_dim=\dimen257
\l__tblr_a_box=\box67
\l__tblr_b_box=\box68
\l__tblr_c_box=\box69
\l__tblr_d_box=\box70
\g__tblr_table_count_int=\count317
\c@rownum=\count318
\c@colnum=\count319
\c@rowcount=\count320
\c@colcount=\count321
\abovesep=\dimen258
\belowsep=\dimen259
\leftsep=\dimen260
\rightsep=\dimen261
\g_tblr_level_int=\count322
\g__tblr_data_row_key_count_int=\count323
\g__tblr_data_column_key_count_int=\count324
\g__tblr_data_cell_key_count_int=\count325
\g__tblr_array_int=\count326
\l__tblr_key_count_int=\count327
\l__tblr_key_quotient_int=\count328
\l__tblr_key_quotient_two_int=\count329
\l__tblr_key_remainder_int=\count330
\g__tblr_data_str_value_count_int=\count331
\rulewidth=\dimen262
\l__tblr_strut_dp_dim=\dimen263
\l__tblr_strut_ht_dim=\dimen264
\g__tblr_cell_wd_dim=\dimen265
\g__tblr_cell_ht_dim=\dimen266
\g__tblr_cell_head_dim=\dimen267
\g__tblr_cell_foot_dim=\dimen268
\l__column_target_dim=\dimen269
\l__tblr_caption_box=\box71
\l__tblr_caption_left_box=\box72
\l__tblr_row_head_box=\box73
\l__tblr_row_foot_box=\box74
\l__tblr_row_head_foot_dim=\dimen270
\tablewidth=\dimen271
\l__tblr_table_firsthead_box=\box75
\l__tblr_table_middlehead_box=\box76
\l__tblr_table_lasthead_box=\box77
\l__tblr_table_firstfoot_box=\box78
\l__tblr_table_middlefoot_box=\box79
\l__tblr_table_lastfoot_box=\box80
\l__tblr_remain_height_dim=\dimen272
\l__tblr_long_from_int=\count332
\l__tblr_long_to_int=\count333
\l__tblr_curr_i_int=\count334
\l__tblr_prev_i_int=\count335
\l__tblr_table_page_int=\count336
\l__tblr_table_head_box=\box81
\l__tblr_table_foot_box=\box82
\l__tblr_table_head_foot_dim=\dimen273
\l__tblr_table_head_body_foot_dim=\dimen274
\l__tblr_table_box=\box83
\l__tblr_table_hlines_box=\box84
\l__tblr_hline_box=\box85
\l__tblr_row_box=\box86
\l__tblr_col_o_wd_dim=\dimen275
\l__tblr_col_b_wd_dim=\dimen276
\l__tblr_hline_leftskip_dim=\dimen277
\l__tblr_hline_rightskip_dim=\dimen278
\l__tblr_row_ht_dim=\dimen279
\l__tblr_row_dp_dim=\dimen280
\l__tblr_row_abovesep_dim=\dimen281
\l__tblr_row_belowsep_dim=\dimen282
\l__tblr_row_vlines_box=\box87
\l__tblr_vline_box=\box88
\l__tblr_cell_box=\box89
\l__row_upper_dim=\dimen283
\l__row_lower_dim=\dimen284
\l__row_vpace_dim=\dimen285
\l__tblr_vline_aboveskip_dim=\dimen286
\l__tblr_vline_belowskip_dim=\dimen287
\l__tblr_cell_wd_dim=\dimen288
\l__tblr_cell_ht_dim=\dimen289
\l__tblr_diag_box=\box90
)
(/nix/store/mav2vnx8fkza7zqh63iap9i1jqq4r385-texlive-2023-env-texmfdist/tex/lat
ex/pgf/frontendlayer/tikz.sty
(/nix/store/mav2vnx8fkza7zqh63iap9i1jqq4r385-texlive-2023-env-texmfdist/tex/lat
ex/pgf/basiclayer/pgf.sty
Package: pgf 2023-01-15 v3.1.10 (3.1.10)

(/nix/store/mav2vnx8fkza7zqh63iap9i1jqq4r385-texlive-2023-env-texmfdist/tex/lat
ex/pgf/basiclayer/pgfcore.sty
(/nix/store/mav2vnx8fkza7zqh63iap9i1jqq4r385-texlive-2023-env-texmfdist/tex/gen
eric/pgf/basiclayer/pgfcore.code.tex
Package: pgfcore 2023-01-15 v3.1.10 (3.1.10)

(/nix/store/mav2vnx8fkza7zqh63iap9i1jqq4r385-texlive-2023-env-texmfdist/tex/gen
eric/pgf/math/pgfmath.code.tex
(/nix/store/mav2vnx8fkza7zqh63iap9i1jqq4r385-texlive-2023-env-texmfdist/tex/gen
eric/pgf/math/pgfmathutil.code.tex)
(/nix/store/mav2vnx8fkza7zqh63iap9i1jqq4r385-texlive-2023-env-texmfdist/tex/gen
eric/pgf/math/pgfmathparser.code.tex
\pgfmath@dimen=\dimen290
\pgfmath@count=\count337
\pgfmath@box=\box91
\pgfmath@toks=\toks41
\pgfmath@stack@operand=\toks42
\pgfmath@stack@operation=\toks43
)
(/nix/store/mav2vnx8fkza7zqh63iap9i1jqq4r385-texlive-2023-env-texmfdist/tex/gen
eric/pgf/math/pgfmathfunctions.code.tex)
(/nix/store/mav2vnx8fkza7zqh63iap9i1jqq4r385-texlive-2023-env-texmfdist/tex/gen
eric/pgf/math/pgfmathfunctions.basic.code.tex)
(/nix/store/mav2vnx8fkza7zqh63iap9i1jqq4r385-texlive-2023-env-texmfdist/tex/gen
eric/pgf/math/pgfmathfunctions.trigonometric.code.tex)
(/nix/store/mav2vnx8fkza7zqh63iap9i1jqq4r385-texlive-2023-env-texmfdist/tex/gen
eric/pgf/math/pgfmathfunctions.random.code.tex)
(/nix/store/mav2vnx8fkza7zqh63iap9i1jqq4r385-texlive-2023-env-texmfdist/tex/gen
eric/pgf/math/pgfmathfunctions.comparison.code.tex)
(/nix/store/mav2vnx8fkza7zqh63iap9i1jqq4r385-texlive-2023-env-texmfdist/tex/gen
eric/pgf/math/pgfmathfunctions.base.code.tex)
(/nix/store/mav2vnx8fkza7zqh63iap9i1jqq4r385-texlive-2023-env-texmfdist/tex/gen
eric/pgf/math/pgfmathfunctions.round.code.tex)
(/nix/store/mav2vnx8fkza7zqh63iap9i1jqq4r385-texlive-2023-env-texmfdist/tex/gen
eric/pgf/math/pgfmathfunctions.misc.code.tex)
(/nix/store/mav2vnx8fkza7zqh63iap9i1jqq4r385-texlive-2023-env-texmfdist/tex/gen
eric/pgf/math/pgfmathfunctions.integerarithmetics.code.tex)
(/nix/store/mav2vnx8fkza7zqh63iap9i1jqq4r385-texlive-2023-env-texmfdist/tex/gen
eric/pgf/math/pgfmathcalc.code.tex)
(/nix/store/mav2vnx8fkza7zqh63iap9i1jqq4r385-texlive-2023-env-texmfdist/tex/gen
eric/pgf/math/pgfmathfloat.code.tex
\c@pgfmathroundto@lastzeros=\count338
))
(/nix/store/mav2vnx8fkza7zqh63iap9i1jqq4r385-texlive-2023-env-texmfdist/tex/gen
eric/pgf/math/pgfint.code.tex)
(/nix/store/mav2vnx8fkza7zqh63iap9i1jqq4r385-texlive-2023-env-texmfdist/tex/gen
eric/pgf/basiclayer/pgfcorepoints.code.tex
File: pgfcorepoints.code.tex 2023-01-15 v3.1.10 (3.1.10)
\pgf@picminx=\dimen291
\pgf@picmaxx=\dimen292
\pgf@picminy=\dimen293
\pgf@picmaxy=\dimen294
\pgf@pathminx=\dimen295
\pgf@pathmaxx=\dimen296
\pgf@pathminy=\dimen297
\pgf@pathmaxy=\dimen298
\pgf@xx=\dimen299
\pgf@xy=\dimen300
\pgf@yx=\dimen301
\pgf@yy=\dimen302
\pgf@zx=\dimen303
\pgf@zy=\dimen304
)
(/nix/store/mav2vnx8fkza7zqh63iap9i1jqq4r385-texlive-2023-env-texmfdist/tex/gen
eric/pgf/basiclayer/pgfcorepathconstruct.code.tex
File: pgfcorepathconstruct.code.tex 2023-01-15 v3.1.10 (3.1.10)
\pgf@path@lastx=\dimen305
\pgf@path@lasty=\dimen306
)
(/nix/store/mav2vnx8fkza7zqh63iap9i1jqq4r385-texlive-2023-env-texmfdist/tex/gen
eric/pgf/basiclayer/pgfcorepathusage.code.tex
File: pgfcorepathusage.code.tex 2023-01-15 v3.1.10 (3.1.10)
\pgf@shorten@end@additional=\dimen307
\pgf@shorten@start@additional=\dimen308
)
(/nix/store/mav2vnx8fkza7zqh63iap9i1jqq4r385-texlive-2023-env-texmfdist/tex/gen
eric/pgf/basiclayer/pgfcorescopes.code.tex
File: pgfcorescopes.code.tex 2023-01-15 v3.1.10 (3.1.10)
\pgfpic=\box92
\pgf@hbox=\box93
\pgf@layerbox@main=\box94
\pgf@picture@serial@count=\count339
)
(/nix/store/mav2vnx8fkza7zqh63iap9i1jqq4r385-texlive-2023-env-texmfdist/tex/gen
eric/pgf/basiclayer/pgfcoregraphicstate.code.tex
File: pgfcoregraphicstate.code.tex 2023-01-15 v3.1.10 (3.1.10)
\pgflinewidth=\dimen309
)
(/nix/store/mav2vnx8fkza7zqh63iap9i1jqq4r385-texlive-2023-env-texmfdist/tex/gen
eric/pgf/basiclayer/pgfcoretransformations.code.tex
File: pgfcoretransformations.code.tex 2023-01-15 v3.1.10 (3.1.10)
\pgf@pt@x=\dimen310
\pgf@pt@y=\dimen311
\pgf@pt@temp=\dimen312
)
(/nix/store/mav2vnx8fkza7zqh63iap9i1jqq4r385-texlive-2023-env-texmfdist/tex/gen
eric/pgf/basiclayer/pgfcorequick.code.tex
File: pgfcorequick.code.tex 2023-01-15 v3.1.10 (3.1.10)
)
(/nix/store/mav2vnx8fkza7zqh63iap9i1jqq4r385-texlive-2023-env-texmfdist/tex/gen
eric/pgf/basiclayer/pgfcoreobjects.code.tex
File: pgfcoreobjects.code.tex 2023-01-15 v3.1.10 (3.1.10)
)
(/nix/store/mav2vnx8fkza7zqh63iap9i1jqq4r385-texlive-2023-env-texmfdist/tex/gen
eric/pgf/basiclayer/pgfcorepathprocessing.code.tex
File: pgfcorepathprocessing.code.tex 2023-01-15 v3.1.10 (3.1.10)
)
(/nix/store/mav2vnx8fkza7zqh63iap9i1jqq4r385-texlive-2023-env-texmfdist/tex/gen
eric/pgf/basiclayer/pgfcorearrows.code.tex
File: pgfcorearrows.code.tex 2023-01-15 v3.1.10 (3.1.10)
\pgfarrowsep=\dimen313
)
(/nix/store/mav2vnx8fkza7zqh63iap9i1jqq4r385-texlive-2023-env-texmfdist/tex/gen
eric/pgf/basiclayer/pgfcoreshade.code.tex
File: pgfcoreshade.code.tex 2023-01-15 v3.1.10 (3.1.10)
\pgf@max=\dimen314
\pgf@sys@shading@range@num=\count340
\pgf@shadingcount=\count341
)
(/nix/store/mav2vnx8fkza7zqh63iap9i1jqq4r385-texlive-2023-env-texmfdist/tex/gen
eric/pgf/basiclayer/pgfcoreimage.code.tex
File: pgfcoreimage.code.tex 2023-01-15 v3.1.10 (3.1.10)
)
(/nix/store/mav2vnx8fkza7zqh63iap9i1jqq4r385-texlive-2023-env-texmfdist/tex/gen
eric/pgf/basiclayer/pgfcoreexternal.code.tex
File: pgfcoreexternal.code.tex 2023-01-15 v3.1.10 (3.1.10)
\pgfexternal@startupbox=\box95
)
(/nix/store/mav2vnx8fkza7zqh63iap9i1jqq4r385-texlive-2023-env-texmfdist/tex/gen
eric/pgf/basiclayer/pgfcorelayers.code.tex
File: pgfcorelayers.code.tex 2023-01-15 v3.1.10 (3.1.10)
)
(/nix/store/mav2vnx8fkza7zqh63iap9i1jqq4r385-texlive-2023-env-texmfdist/tex/gen
eric/pgf/basiclayer/pgfcoretransparency.code.tex
File: pgfcoretransparency.code.tex 2023-01-15 v3.1.10 (3.1.10)
)
(/nix/store/mav2vnx8fkza7zqh63iap9i1jqq4r385-texlive-2023-env-texmfdist/tex/gen
eric/pgf/basiclayer/pgfcorepatterns.code.tex
File: pgfcorepatterns.code.tex 2023-01-15 v3.1.10 (3.1.10)
)
(/nix/store/mav2vnx8fkza7zqh63iap9i1jqq4r385-texlive-2023-env-texmfdist/tex/gen
eric/pgf/basiclayer/pgfcorerdf.code.tex
File: pgfcorerdf.code.tex 2023-01-15 v3.1.10 (3.1.10)
)))
(/nix/store/mav2vnx8fkza7zqh63iap9i1jqq4r385-texlive-2023-env-texmfdist/tex/gen
eric/pgf/modules/pgfmoduleshapes.code.tex
File: pgfmoduleshapes.code.tex 2023-01-15 v3.1.10 (3.1.10)
\pgfnodeparttextbox=\box96
)
(/nix/store/mav2vnx8fkza7zqh63iap9i1jqq4r385-texlive-2023-env-texmfdist/tex/gen
eric/pgf/modules/pgfmoduleplot.code.tex
File: pgfmoduleplot.code.tex 2023-01-15 v3.1.10 (3.1.10)
)
(/nix/store/mav2vnx8fkza7zqh63iap9i1jqq4r385-texlive-2023-env-texmfdist/tex/lat
ex/pgf/compatibility/pgfcomp-version-0-65.sty
Package: pgfcomp-version-0-65 2023-01-15 v3.1.10 (3.1.10)
\pgf@nodesepstart=\dimen315
\pgf@nodesepend=\dimen316
)
(/nix/store/mav2vnx8fkza7zqh63iap9i1jqq4r385-texlive-2023-env-texmfdist/tex/lat
ex/pgf/compatibility/pgfcomp-version-1-18.sty
Package: pgfcomp-version-1-18 2023-01-15 v3.1.10 (3.1.10)
))
(/nix/store/mav2vnx8fkza7zqh63iap9i1jqq4r385-texlive-2023-env-texmfdist/tex/lat
ex/pgf/utilities/pgffor.sty
(/nix/store/mav2vnx8fkza7zqh63iap9i1jqq4r385-texlive-2023-env-texmfdist/tex/lat
ex/pgf/utilities/pgfkeys.sty
(/nix/store/mav2vnx8fkza7zqh63iap9i1jqq4r385-texlive-2023-env-texmfdist/tex/gen
eric/pgf/utilities/pgfkeys.code.tex))
(/nix/store/mav2vnx8fkza7zqh63iap9i1jqq4r385-texlive-2023-env-texmfdist/tex/lat
ex/pgf/math/pgfmath.sty
(/nix/store/mav2vnx8fkza7zqh63iap9i1jqq4r385-texlive-2023-env-texmfdist/tex/gen
eric/pgf/math/pgfmath.code.tex))
(/nix/store/mav2vnx8fkza7zqh63iap9i1jqq4r385-texlive-2023-env-texmfdist/tex/gen
eric/pgf/utilities/pgffor.code.tex
Package: pgffor 2023-01-15 v3.1.10 (3.1.10)
\pgffor@iter=\dimen317
\pgffor@skip=\dimen318
\pgffor@stack=\toks44
\pgffor@toks=\toks45
))
(/nix/store/mav2vnx8fkza7zqh63iap9i1jqq4r385-texlive-2023-env-texmfdist/tex/gen
eric/pgf/frontendlayer/tikz/tikz.code.tex
Package: tikz 2023-01-15 v3.1.10 (3.1.10)

(/nix/store/mav2vnx8fkza7zqh63iap9i1jqq4r385-texlive-2023-env-texmfdist/tex/gen
eric/pgf/libraries/pgflibraryplothandlers.code.tex
File: pgflibraryplothandlers.code.tex 2023-01-15 v3.1.10 (3.1.10)
\pgf@plot@mark@count=\count342
\pgfplotmarksize=\dimen319
)
\tikz@lastx=\dimen320
\tikz@lasty=\dimen321
\tikz@lastxsaved=\dimen322
\tikz@lastysaved=\dimen323
\tikz@lastmovetox=\dimen324
\tikz@lastmovetoy=\dimen325
\tikzleveldistance=\dimen326
\tikzsiblingdistance=\dimen327
\tikz@figbox=\box97
\tikz@figbox@bg=\box98
\tikz@tempbox=\box99
\tikz@tempbox@bg=\box100
\tikztreelevel=\count343
\tikznumberofchildren=\count344
\tikznumberofcurrentchild=\count345
\tikz@fig@count=\count346

(/nix/store/mav2vnx8fkza7zqh63iap9i1jqq4r385-texlive-2023-env-texmfdist/tex/gen
eric/pgf/modules/pgfmodulematrix.code.tex
File: pgfmodulematrix.code.tex 2023-01-15 v3.1.10 (3.1.10)
\pgfmatrixcurrentrow=\count347
\pgfmatrixcurrentcolumn=\count348
\pgf@matrix@numberofcolumns=\count349
)
\tikz@expandcount=\count350

(/nix/store/mav2vnx8fkza7zqh63iap9i1jqq4r385-texlive-2023-env-texmfdist/tex/gen
eric/pgf/frontendlayer/tikz/libraries/tikzlibrarytopaths.code.tex
File: tikzlibrarytopaths.code.tex 2023-01-15 v3.1.10 (3.1.10)
)))
(/nix/store/mav2vnx8fkza7zqh63iap9i1jqq4r385-texlive-2023-env-texmfdist/tex/lat
ex/booktabs/booktabs.sty
Package: booktabs 2020/01/12 v1.61803398 Publication quality tables
\heavyrulewidth=\dimen328
\lightrulewidth=\dimen329
\cmidrulewidth=\dimen330
\belowrulesep=\dimen331
\belowbottomsep=\dimen332
\aboverulesep=\dimen333
\abovetopsep=\dimen334
\cmidrulesep=\dimen335
\cmidrulekern=\dimen336
\defaultaddspace=\dimen337
\@cmidla=\count351
\@cmidlb=\count352
\@aboverulesep=\dimen338
\@belowrulesep=\dimen339
\@thisruleclass=\count353
\@lastruleclass=\count354
\@thisrulewidth=\dimen340
)
(/nix/store/mav2vnx8fkza7zqh63iap9i1jqq4r385-texlive-2023-env-texmfdist/tex/lat
ex/cleveref/cleveref.sty
Package: cleveref 2018/03/27 v0.21.4 Intelligent cross-referencing
Package cleveref Info: `hyperref' support loaded on input line 2370.
LaTeX Info: Redefining \cref on input line 2370.
LaTeX Info: Redefining \Cref on input line 2370.
LaTeX Info: Redefining \crefrange on input line 2370.
LaTeX Info: Redefining \Crefrange on input line 2370.
LaTeX Info: Redefining \cpageref on input line 2370.
LaTeX Info: Redefining \Cpageref on input line 2370.
LaTeX Info: Redefining \cpagerefrange on input line 2370.
LaTeX Info: Redefining \Cpagerefrange on input line 2370.
LaTeX Info: Redefining \labelcref on input line 2370.
LaTeX Info: Redefining \labelcpageref on input line 2370.
)
(/nix/store/mav2vnx8fkza7zqh63iap9i1jqq4r385-texlive-2023-env-texmfdist/tex/lat
ex/multirow/multirow.sty
Package: multirow 2021/03/15 v2.8 Span multiple rows of a table
\multirow@colwidth=\skip72
\multirow@cntb=\count355
\multirow@dima=\skip73
\bigstrutjot=\dimen341
))
(/nix/store/mav2vnx8fkza7zqh63iap9i1jqq4r385-texlive-2023-env-texmfdist/tex/lat
ex/minted/minted.sty
Package: minted 2023/12/18 v2.9 Yet another Pygments shim for LaTeX

(/nix/store/mav2vnx8fkza7zqh63iap9i1jqq4r385-texlive-2023-env-texmfdist/tex/lat
ex/fvextra/fvextra.sty
Package: fvextra 2023/11/28 v1.6.1 fvextra - extensions and patches for fancyvr
b

(/nix/store/mav2vnx8fkza7zqh63iap9i1jqq4r385-texlive-2023-env-texmfdist/tex/lat
ex/fancyvrb/fancyvrb.sty
Package: fancyvrb 2024/01/20 4.5c verbatim text (tvz,hv)
\FV@CodeLineNo=\count356
\FV@InFile=\read4
\FV@TabBox=\box101
\c@FancyVerbLine=\count357
\FV@StepNumber=\count358
\FV@OutFile=\write4
)
(/nix/store/mav2vnx8fkza7zqh63iap9i1jqq4r385-texlive-2023-env-texmfdist/tex/lat
ex/upquote/upquote.sty
Package: upquote 2012/04/19 v1.3 upright-quote and grave-accent glyphs in verba
tim

(/nix/store/mav2vnx8fkza7zqh63iap9i1jqq4r385-texlive-2023-env-texmfdist/tex/lat
ex/base/textcomp.sty
Package: textcomp 2020/02/02 v2.0n Standard LaTeX package
))
(/nix/store/mav2vnx8fkza7zqh63iap9i1jqq4r385-texlive-2023-env-texmfdist/tex/lat
ex/lineno/lineno.sty
Package: lineno 2023/05/20 line numbers on paragraphs v5.3
\linenopenalty=\count359
\output=\toks46
\linenoprevgraf=\count360
\linenumbersep=\dimen342
\linenumberwidth=\dimen343
\c@linenumber=\count361
\c@pagewiselinenumber=\count362
\c@LN@truepage=\count363
\c@internallinenumber=\count364
\c@internallinenumbers=\count365
\quotelinenumbersep=\dimen344
\bframerule=\dimen345
\bframesep=\dimen346
\bframebox=\box102
\linenoamsmath@ams@eqpen=\count366
LaTeX Info: Redefining \\ on input line 3180.
)
\c@FancyVerbWriteLine=\count367
\c@FancyVerbBufferIndex=\count368
\c@FancyVerbBufferLength=\count369
\c@FancyVerbBufferLine=\count370
\c@FV@oldbufferlength=\count371
\c@FV@TrueTabGroupLevel=\count372
\c@FV@TrueTabCounter=\count373
\FV@TabBox@Group=\box103
\FV@TmpLength=\skip74
\c@FV@HighlightLinesStart=\count374
\c@FV@HighlightLinesStop=\count375
\FV@LoopCount=\count376
\FV@NCharsBox=\box104
\FV@BreakIndent=\dimen347
\FV@BreakIndentNChars=\count377
\FV@BreakSymbolSepLeft=\dimen348
\FV@BreakSymbolSepLeftNChars=\count378
\FV@BreakSymbolSepRight=\dimen349
\FV@BreakSymbolSepRightNChars=\count379
\FV@BreakSymbolIndentLeft=\dimen350
\FV@BreakSymbolIndentLeftNChars=\count380
\FV@BreakSymbolIndentRight=\dimen351
\FV@BreakSymbolIndentRightNChars=\count381
\c@FancyVerbLineBreakLast=\count382
\FV@LineBox=\box105
\FV@LineIndentBox=\box106
\c@FV@BreakBufferDepth=\count383
\FV@LineWidth=\dimen352
)
(/nix/store/mav2vnx8fkza7zqh63iap9i1jqq4r385-texlive-2023-env-texmfdist/tex/gen
eric/xstring/xstring.sty
(/nix/store/mav2vnx8fkza7zqh63iap9i1jqq4r385-texlive-2023-env-texmfdist/tex/gen
eric/xstring/xstring.tex
\xs_counta=\count384
\xs_countb=\count385
)
Package: xstring 2023/08/22 v1.86 String manipulations (CT)
)
(/nix/store/mav2vnx8fkza7zqh63iap9i1jqq4r385-texlive-2023-env-texmfdist/tex/lat
ex/framed/framed.sty
Package: framed 2011/10/22 v 0.96: framed or shaded text with page breaks
\OuterFrameSep=\skip75
\fb@frw=\dimen353
\fb@frh=\dimen354
\FrameRule=\dimen355
\FrameSep=\dimen356
)
\minted@appexistsfile=\read5
\minted@bgbox=\box107
\minted@code=\write5
\c@minted@FancyVerbLineTemp=\count386
\c@minted@pygmentizecounter=\count387
\@float@every@listing=\toks47
\c@listing=\count388
)
runsystem(mkdir -p _minted-main)...executed.

runsystem(command -v pygmentize && touch main.aex)...executed.

runsystem(rm main.aex)...executed.

 (./main.aux (./src/03-first.aux) (./src/04-second.aux)
(./src/05-third.aux) (./src/06-conclusion.aux))
\openout1 = `main.aux'.

LaTeX Font Info:    Checking defaults for OML/cmm/m/it on input line 5.
LaTeX Font Info:    ... okay on input line 5.
LaTeX Font Info:    Checking defaults for OMS/cmsy/m/n on input line 5.
LaTeX Font Info:    ... okay on input line 5.
LaTeX Font Info:    Checking defaults for OT1/cmr/m/n on input line 5.
LaTeX Font Info:    ... okay on input line 5.
LaTeX Font Info:    Checking defaults for T1/cmr/m/n on input line 5.
LaTeX Font Info:    ... okay on input line 5.
LaTeX Font Info:    Checking defaults for TS1/cmr/m/n on input line 5.
LaTeX Font Info:    ... okay on input line 5.
LaTeX Font Info:    Checking defaults for OMX/cmex/m/n on input line 5.
LaTeX Font Info:    ... okay on input line 5.
LaTeX Font Info:    Checking defaults for U/cmr/m/n on input line 5.
LaTeX Font Info:    ... okay on input line 5.
LaTeX Font Info:    Checking defaults for T2A/cmr/m/n on input line 5.
LaTeX Font Info:    ... okay on input line 5.
LaTeX Font Info:    Checking defaults for PD1/pdf/m/n on input line 5.
LaTeX Font Info:    ... okay on input line 5.
LaTeX Font Info:    Checking defaults for PU/pdf/m/n on input line 5.
LaTeX Font Info:    ... okay on input line 5.
Package hyperref Info: Link coloring OFF on input line 5.
 (./main.out) (./main.out)
\@outlinefile=\write6
\openout6 = `main.out'.

LaTeX Info: Redefining \th on input line 5.

(/nix/store/mav2vnx8fkza7zqh63iap9i1jqq4r385-texlive-2023-env-texmfdist/tex/con
text/base/mkii/supp-pdf.mkii
[Loading MPS to PDF converter (version 2006.09.02).]
\scratchcounter=\count389
\scratchdimen=\dimen357
\scratchbox=\box108
\nofMPsegments=\count390
\nofMParguments=\count391
\everyMPshowfont=\toks48
\MPscratchCnt=\count392
\MPscratchDim=\dimen358
\MPnumerator=\count393
\makeMPintoPDFobject=\count394
\everyMPtoPDFconversion=\toks49
)
(/nix/store/mav2vnx8fkza7zqh63iap9i1jqq4r385-texlive-2023-env-texmfdist/tex/lat
ex/epstopdf-pkg/epstopdf-base.sty
Package: epstopdf-base 2020-01-24 v2.11 Base part for package epstopdf
Package epstopdf-base Info: Redefining graphics rule for `.eps' on input line 4
85.

(/nix/store/mav2vnx8fkza7zqh63iap9i1jqq4r385-texlive-2023-env-texmfdist/tex/lat
ex/latexconfig/epstopdf-sys.cfg
File: epstopdf-sys.cfg 2010/07/13 v1.3 Configuration of (r)epstopdf for TeX Liv
e
))
(/nix/store/mav2vnx8fkza7zqh63iap9i1jqq4r385-texlive-2023-env-texmfdist/tex/lat
ex/pdflscape/pdflscape.sty
Package: pdflscape 2022-10-27 v0.13 Display of landscape pages in PDF

(/nix/store/mav2vnx8fkza7zqh63iap9i1jqq4r385-texlive-2023-env-texmfdist/tex/lat
ex/pdflscape/pdflscape-nometadata.sty
Package: pdflscape-nometadata 2022-10-28 v0.13 Display of landscape pages in PD
F (HO)

(/nix/store/mav2vnx8fkza7zqh63iap9i1jqq4r385-texlive-2023-env-texmfdist/tex/lat
ex/graphics/lscape.sty
Package: lscape 2020/05/28 v3.02 Landscape Pages (DPC)
)
Package pdflscape Info: Auto-detected driver: pdftex on input line 81.
))
*geometry* driver: auto-detecting
*geometry* detected driver: pdftex
*geometry* verbose mode - [ preamble ] result:
* driver: pdftex
* paper: a4paper
* layout: <same size as paper>
* layoutoffset:(h,v)=(0.0pt,0.0pt)
* modes: 
* h-part:(L,W,R)=(56.9055pt, 483.69687pt, 56.9055pt)
* v-part:(T,H,B)=(71.13188pt, 702.78308pt, 71.13188pt)
* \paperwidth=597.50787pt
* \paperheight=845.04684pt
* \textwidth=483.69687pt
* \textheight=702.78308pt
* \oddsidemargin=-15.36449pt
* \evensidemargin=-15.36449pt
* \topmargin=-38.1381pt
* \headheight=12.0pt
* \headsep=25.0pt
* \topskip=12.0pt
* \footskip=30.0pt
* \marginparwidth=44.0pt
* \marginparsep=10.0pt
* \columnsep=10.0pt
* \skip\footins=10.8pt plus 4.0pt minus 2.0pt
* \hoffset=0.0pt
* \voffset=0.0pt
* \mag=1000
* \@twocolumnfalse
* \@twosidefalse
* \@mparswitchfalse
* \@reversemarginfalse
* (1in=72.27pt=25.4mm, 1cm=28.453pt)


(/nix/store/mav2vnx8fkza7zqh63iap9i1jqq4r385-texlive-2023-env-texmfdist/tex/lat
ex/ninecolors/ninecolors.sty
Package: ninecolors 2022-02-13 v2022D Select colors with proper color contrast

(/nix/store/mav2vnx8fkza7zqh63iap9i1jqq4r385-texlive-2023-env-texmfdist/tex/lat
ex/l3packages/xparse/xparse.sty
Package: xparse 2024-02-18 L3 Experimental document command parser
)) (./src/01-title.tex
<assets/itmo_logo.png, id=55, 1043.9pt x 411.5375pt>
File: assets/itmo_logo.png Graphic file (type png)
<use assets/itmo_logo.png>
Package pdftex.def Info: assets/itmo_logo.png  used on input line 9.
(pdftex.def)             Requested size: 104.3961pt x 41.15616pt.
 [1

{/nix/store/4k98f2smxgkm6j2w1fzn4ih3z7kp7sa4-texlive-2023-env/share/texmf-var/f
onts/map/pdftex/updmap/pdftex.map}{/nix/store/mav2vnx8fkza7zqh63iap9i1jqq4r385-
texlive-2023-env-texmfdist/fonts/enc/dvips/cm-super/cm-super-t2a.enc} <./assets
/itmo_logo.png>])
(./src/02-task.tex
Overfull \hbox (208.21394pt too wide) detected at line 10
[]
 []

<./assets/uml.png, id=67, 1804.7425pt x 1818.795pt>
File: ./assets/uml.png Graphic file (type png)
<use ./assets/uml.png>
Package pdftex.def Info: ./assets/uml.png  used on input line 15.
(pdftex.def)             Requested size: 483.69687pt x 487.44563pt.

Package hyperref Warning: Token not allowed in a PDF string (Unicode):
(hyperref)                removing `math shift' on input line 20.


Package hyperref Warning: Token not allowed in a PDF string (Unicode):
(hyperref)                removing `\sin' on input line 20.


pdfTeX warning (ext4): destination with the same identifier (name{page.1}) has 
been already used, duplicate ignored
<to be read again> 
                   \relax 
l.23   \item �
              �роверка отрицательных входных зн...
[1 <./assets/uml.png>]

Package hyperref Warning: Token not allowed in a PDF string (Unicode):
(hyperref)                removing `math shift' on input line 28.


Package hyperref Warning: Token not allowed in a PDF string (Unicode):
(hyperref)                removing `\ln' on input line 28.


Package hyperref Warning: Token not allowed in a PDF string (Unicode):
(hyperref)                removing `math shift' on input line 37.


Package hyperref Warning: Token not allowed in a PDF string (Unicode):
(hyperref)                removing `\log' on input line 37.


Package hyperref Warning: Token not allowed in a PDF string (Unicode):
(hyperref)                removing `math shift' on input line 45.


Package hyperref Warning: Token not allowed in a PDF string (Unicode):
(hyperref)                removing `\cos' on input line 45.


Package hyperref Warning: Token not allowed in a PDF string (Unicode):
(hyperref)                removing `math shift' on input line 52.


Package hyperref Warning: Token not allowed in a PDF string (Unicode):
(hyperref)                removing `\tan' on input line 52.


Package hyperref Warning: Token not allowed in a PDF string (Unicode):
(hyperref)                removing `math shift' on input line 59.


Package hyperref Warning: Token not allowed in a PDF string (Unicode):
(hyperref)                removing `\sec' on input line 59.

[2{/nix/store/mav2vnx8fkza7zqh63iap9i1jqq4r385-texlive-2023-env-texmfdist/fonts
/enc/dvips/cm-super/cm-super-ts1.enc}]

Package hyperref Warning: Token not allowed in a PDF string (Unicode):
(hyperref)                removing `math shift' on input line 66.


Package hyperref Warning: Token not allowed in a PDF string (Unicode):
(hyperref)                removing `\csc' on input line 66.

LaTeX Font Info:    Trying to load font information for T2A+cmtt on input line 
73.

(/nix/store/mav2vnx8fkza7zqh63iap9i1jqq4r385-texlive-2023-env-texmfdist/tex/lat
ex/cyrillic/t2acmtt.fd
File: t2acmtt.fd 2001/08/11 v1.0a Computer Modern Cyrillic font definitions
)
LaTeX Font Info:    Font shape `T2A/cmtt/bx/n' in size <12> not available
(Font)              Font shape `T2A/cmtt/m/n' tried instead on input line 73.
) [3]
\openout2 = `src/03-first.aux'.


No file src/03-first.tex.
\openout2 = `src/04-second.aux'.

No file src/04-second.tex.
\openout2 = `src/05-third.aux'.

No file src/05-third.tex.
\openout2 = `src/06-conclusion.aux'.

(./src/06-conclusion.tex) [4










] (./main.aux
Package cleveref Info: loaded `russian' language definitions on input line 9.
 (./src/03-first.aux)
(./src/04-second.aux) (./src/05-third.aux) (./src/06-conclusion.aux))
 ***********
LaTeX2e <2023-11-01> patch level 1
L3 programming layer <2024-02-20>
 ***********
Package rerunfilecheck Info: File `main.out' has not changed.
(rerunfilecheck)             Checksum: 18A1601E5CF6A2149B1689D79FF48384;1706.
 ) 
Here is how much of TeX's memory you used:
 31591 strings out of 474116
 633085 string characters out of 5720541
 1939187 words of memory out of 5000000
 53393 multiletter control sequences out of 15000+600000
 566996 words of font info for 56 fonts, out of 8000000 for 9000
 1141 hyphenation exceptions out of 8191
 99i,11n,96p,430b,573s stack positions out of 10000i,1000n,20000p,200000b,200000s
</nix/store/mav2vnx8fkza7zqh63iap9i1jqq4r385-texlive-2023-env-texmfdist/fonts
/type1/public/amsfonts/cm/cmex10.pfb></nix/store/mav2vnx8fkza7zqh63iap9i1jqq4r3
85-texlive-2023-env-texmfdist/fonts/type1/public/amsfonts/cm/cmmi12.pfb></nix/s
tore/mav2vnx8fkza7zqh63iap9i1jqq4r385-texlive-2023-env-texmfdist/fonts/type1/pu
blic/amsfonts/cm/cmmi8.pfb></nix/store/mav2vnx8fkza7zqh63iap9i1jqq4r385-texlive
-2023-env-texmfdist/fonts/type1/public/amsfonts/cm/cmr12.pfb></nix/store/mav2vn
x8fkza7zqh63iap9i1jqq4r385-texlive-2023-env-texmfdist/fonts/type1/public/amsfon
ts/cm/cmr8.pfb></nix/store/mav2vnx8fkza7zqh63iap9i1jqq4r385-texlive-2023-env-te
xmfdist/fonts/type1/public/amsfonts/cm/cmsy10.pfb></nix/store/mav2vnx8fkza7zqh6
3iap9i1jqq4r385-texlive-2023-env-texmfdist/fonts/type1/public/cm-super/sfbx1200
.pfb></nix/store/mav2vnx8fkza7zqh63iap9i1jqq4r385-texlive-2023-env-texmfdist/fo
nts/type1/public/cm-super/sfbx1440.pfb></nix/store/mav2vnx8fkza7zqh63iap9i1jqq4
r385-texlive-2023-env-texmfdist/fonts/type1/public/cm-super/sfbx1728.pfb></nix/
store/mav2vnx8fkza7zqh63iap9i1jqq4r385-texlive-2023-env-texmfdist/fonts/type1/p
ublic/cm-super/sfrm1200.pfb></nix/store/mav2vnx8fkza7zqh63iap9i1jqq4r385-texliv
e-2023-env-texmfdist/fonts/type1/public/cm-super/sfrm1440.pfb></nix/store/mav2v
nx8fkza7zqh63iap9i1jqq4r385-texlive-2023-env-texmfdist/fonts/type1/public/cm-su
per/sftt1200.pfb>
Output written on main.pdf (5 pages, 220911 bytes).
PDF statistics:
 154 PDF objects out of 1000 (max. 8388607)
 116 compressed objects within 2 object streams
 17 named destinations out of 1000 (max. 500000)
 119 words of extra memory for PDF output out of 10000 (max. 10000000)

